=== POSITION MARKER ===
PLAYER Position: X=0.00149993, Y=-0.413061, Z=14.9952
Zombie1 Position: X=-1.11848, Y=-0.966533, Z=13.87
Zombie2 Position: X=1.19974, Y=-0.971085, Z=13.6714
Zombie3 Position: X=-0.0858182, Y=-0.970191, Z=13.3376
=======================

=== POSITION MARKER ===
PLAYER Position: X=0.00149993, Y=-0.413061, Z=14.9952
Zombie1 Position: X=-1.10234, Y=-0.966818, Z=13.8801
Zombie2 Position: X=1.20017, Y=-0.971085, Z=13.6716
Zombie3 Position: X=-0.0858825, Y=-0.970191, Z=13.3377
=======================

=== POSITION MARKER ===
PLAYER Position: X=0.00149993, Y=-0.413061, Z=14.9952
Zombie1 Position: X=-1.07298, Y=-0.966507, Z=13.8987
Zombie2 Position: X=1.20099, Y=-0.971085, Z=13.6718
Zombie3 Position: X=-0.0858468, Y=-0.970191, Z=13.3377
=======================

=== POSITION MARKER ===
PLAYER Position: X=0.00149993, Y=-0.413061, Z=14.9952
Zombie1 Position: X=-1.04449, Y=-0.966959, Z=13.9172
Zombie2 Position: X=1.20179, Y=-0.971085, Z=13.6721
Zombie3 Position: X=-0.0858431, Y=-0.970191, Z=13.3377
=======================

=== POSITION MARKER ===
PLAYER Position: X=0.00149993, Y=-0.413061, Z=14.9952
Zombie1 Position: X=-1.02359, Y=-0.967039, Z=13.9309
Zombie2 Position: X=1.20239, Y=-0.971085, Z=13.6723
Zombie3 Position: X=-0.0858585, Y=-0.970191, Z=13.3377
=======================

